2026/06/16 15:29:01 METHOD: POST PATH: /api/auth/send-code ORIGIN: 
2026/06/16 15:29:01 📧 Sending verification code to: x
2026/06/16 15:29:02 ❌ EMAIL ERROR for x: gomail: could not send email 1: gomail: invalid address "x": mail: missing '@' or angle-addr
2026/06/16 15:29:02 ❌ Failed to send email to x: gomail: could not send email 1: gomail: invalid address "x": mail: missing '@' or angle-addr
2026/06/16 15:29:02 METHOD: POST PATH: /api/duel/create ORIGIN: 
2026/06/16 15:29:02 METHOD: POST PATH: /api/duel/create ORIGIN: 
2026/06/16 18:50:28 METHOD: OPTIONS PATH: /api/leaderboard ORIGIN: http://localhost:5173
2026/06/16 18:50:28 METHOD: OPTIONS PATH: /api/my-rank ORIGIN: http://localhost:5173
2026/06/16 18:50:28 METHOD: OPTIONS PATH: /api/stats ORIGIN: http://localhost:5173
2026/06/16 18:50:28 METHOD: GET PATH: /api/leaderboard ORIGIN: http://localhost:5173
2026/06/16 18:50:28 METHOD: GET PATH: /api/stats ORIGIN: http://localhost:5173
2026/06/16 18:50:28 METHOD: GET PATH: /api/my-rank ORIGIN: http://localhost:5173
2026/06/16 18:50:28 METHOD: OPTIONS PATH: /api/profile ORIGIN: http://localhost:5173
2026/06/16 18:50:28 METHOD: OPTIONS PATH: /api/tests/list ORIGIN: http://localhost:5173
2026/06/16 18:50:28 METHOD: GET PATH: /api/leaderboard ORIGIN: http://localhost:5173
2026/06/16 18:50:28 METHOD: GET PATH: /api/profile ORIGIN: http://localhost:5173
2026/06/16 18:50:28 METHOD: GET PATH: /api/tests/list ORIGIN: http://localhost:5173
2026/06/16 18:50:28 METHOD: GET PATH: /api/leaderboard ORIGIN: http://localhost:5173
2026/06/16 18:50:28 METHOD: GET PATH: /api/leaderboard ORIGIN: http://localhost:5173
2026/06/16 18:50:28 METHOD: GET PATH: /api/profile ORIGIN: http://localhost:5173
2026/06/16 18:50:28 METHOD: GET PATH: /api/stats ORIGIN: http://localhost:5173
2026/06/16 18:50:28 METHOD: GET PATH: /api/profile ORIGIN: http://localhost:5173
2026/06/16 18:50:28 METHOD: GET PATH: /api/profile ORIGIN: http://localhost:5173
2026/06/16 18:50:28 METHOD: GET PATH: /api/my-rank ORIGIN: http://localhost:5173
2026/06/16 18:50:28 METHOD: GET PATH: /api/stats ORIGIN: http://localhost:5173
2026/06/16 18:50:28 METHOD: GET PATH: /api/profile ORIGIN: http://localhost:5173
2026/06/16 18:50:28 METHOD: GET PATH: /api/profile ORIGIN: http://localhost:5173
2026/06/16 18:50:28 METHOD: GET PATH: /api/my-rank ORIGIN: http://localhost:5173
2026/06/16 18:50:28 METHOD: GET PATH: /api/my-rank ORIGIN: http://localhost:5173
2026/06/16 18:50:28 METHOD: GET PATH: /api/profile ORIGIN: http://localhost:5173
2026/06/16 18:50:28 METHOD: GET PATH: /api/profile ORIGIN: http://localhost:5173
2026/06/16 18:50:28 METHOD: GET PATH: /api/stats ORIGIN: http://localhost:5173
2026/06/16 18:50:28 METHOD: GET PATH: /api/stats ORIGIN: http://localhost:5173
2026/06/16 18:50:28 METHOD: GET PATH: /api/stats ORIGIN: http://localhost:5173
2026/06/16 18:50:28 METHOD: GET PATH: /api/stats ORIGIN: http://localhost:5173
2026/06/16 18:50:28 METHOD: GET PATH: /api/stats ORIGIN: http://localhost:5173
2026/06/16 18:50:28 METHOD: GET PATH: /api/stats ORIGIN: http://localhost:5173
2026/06/16 18:50:28 METHOD: GET PATH: /api/stats ORIGIN: http://localhost:5173
2026/06/16 18:50:28 METHOD: GET PATH: /api/stats ORIGIN: http://localhost:5173
2026/06/16 18:50:28 METHOD: GET PATH: /api/stats ORIGIN: http://localhost:5173
2026/06/16 18:50:28 METHOD: GET PATH: /api/tests/list ORIGIN: http://localhost:5173
2026/06/16 18:50:28 METHOD: GET PATH: /api/tests/list ORIGIN: http://localhost:5173
2026/06/16 18:50:28 METHOD: GET PATH: /api/tests/list ORIGIN: http://localhost:5173
2026/06/16 18:50:28 METHOD: GET PATH: /api/tests/list ORIGIN: http://localhost:5173
2026/06/16 18:50:28 METHOD: GET PATH: /api/tests/list ORIGIN: http://localhost:5173
2026/06/16 18:50:28 METHOD: GET PATH: /api/tests/list ORIGIN: http://localhost:5173
2026/06/16 18:50:28 METHOD: GET PATH: /api/tests/list ORIGIN: http://localhost:5173
2026/06/16 18:50:39 METHOD: OPTIONS PATH: /api/leaderboard ORIGIN: http://localhost:5173
2026/06/16 18:50:39 METHOD: OPTIONS PATH: /api/my-rank ORIGIN: http://localhost:5173
2026/06/16 18:50:39 METHOD: OPTIONS PATH: /api/profile ORIGIN: http://localhost:5173
2026/06/16 18:50:39 METHOD: OPTIONS PATH: /api/stats ORIGIN: http://localhost:5173
2026/06/16 18:50:39 METHOD: OPTIONS PATH: /api/tests/list ORIGIN: http://localhost:5173
2026/06/16 18:50:39 METHOD: OPTIONS PATH: /api/stats ORIGIN: http://localhost:5173
2026/06/16 18:50:39 METHOD: GET PATH: /api/leaderboard ORIGIN: http://localhost:5173
2026/06/16 18:50:39 METHOD: GET PATH: /api/profile ORIGIN: http://localhost:5173
2026/06/16 18:50:39 METHOD: GET PATH: /api/leaderboard ORIGIN: http://localhost:5173
2026/06/16 18:50:39 METHOD: GET PATH: /api/stats ORIGIN: http://localhost:5173
2026/06/16 18:50:39 METHOD: GET PATH: /api/tests/list ORIGIN: http://localhost:5173
2026/06/16 18:50:39 METHOD: GET PATH: /api/my-rank ORIGIN: http://localhost:5173
2026/06/16 18:50:39 METHOD: GET PATH: /api/profile ORIGIN: http://localhost:5173
2026/06/16 18:50:39 METHOD: GET PATH: /api/profile ORIGIN: http://localhost:5173
2026/06/16 18:50:39 METHOD: GET PATH: /api/leaderboard ORIGIN: http://localhost:5173
2026/06/16 18:50:39 METHOD: GET PATH: /api/profile ORIGIN: http://localhost:5173
2026/06/16 18:50:39 METHOD: GET PATH: /api/leaderboard ORIGIN: http://localhost:5173
2026/06/16 18:50:39 METHOD: GET PATH: /api/my-rank ORIGIN: http://localhost:5173
2026/06/16 18:50:39 METHOD: GET PATH: /api/my-rank ORIGIN: http://localhost:5173
2026/06/16 18:50:39 METHOD: GET PATH: /api/stats ORIGIN: http://localhost:5173
2026/06/16 18:50:39 METHOD: GET PATH: /api/my-rank ORIGIN: http://localhost:5173
2026/06/16 18:50:39 METHOD: GET PATH: /api/tests/list ORIGIN: http://localhost:5173
2026/06/16 18:50:39 METHOD: GET PATH: /api/stats ORIGIN: http://localhost:5173
2026/06/16 18:50:39 METHOD: GET PATH: /api/stats ORIGIN: http://localhost:5173
2026/06/16 18:50:39 METHOD: GET PATH: /api/tests/list ORIGIN: http://localhost:5173
2026/06/16 18:50:39 METHOD: GET PATH: /api/tests/list ORIGIN: http://localhost:5173
2026/06/16 18:50:39 METHOD: GET PATH: /api/stats ORIGIN: http://localhost:5173
2026/06/16 18:50:39 METHOD: GET PATH: /api/stats ORIGIN: http://localhost:5173
2026/06/16 18:50:39 METHOD: GET PATH: /api/stats ORIGIN: http://localhost:5173
2026/06/16 18:50:39 METHOD: GET PATH: /api/stats ORIGIN: http://localhost:5173
2026/06/16 18:50:40 METHOD: GET PATH: /api/profile ORIGIN: http://localhost:5173
2026/06/16 18:50:40 METHOD: GET PATH: /api/tests/list ORIGIN: http://localhost:5173
2026/06/16 18:50:40 METHOD: GET PATH: /api/stats ORIGIN: http://localhost:5173
2026/06/16 18:50:40 METHOD: GET PATH: /api/profile ORIGIN: http://localhost:5173
2026/06/16 18:50:40 METHOD: GET PATH: /api/tests/list ORIGIN: http://localhost:5173
2026/06/16 18:50:40 METHOD: GET PATH: /api/tests/list ORIGIN: http://localhost:5173
2026/06/16 18:50:40 METHOD: GET PATH: /api/profile ORIGIN: http://localhost:5173
2026/06/16 18:50:40 METHOD: GET PATH: /api/tests/list ORIGIN: http://localhost:5173
2026/06/16 18:50:40 METHOD: GET PATH: /api/profile ORIGIN: http://localhost:5173
2026/06/16 18:50:40 METHOD: GET PATH: /api/stats ORIGIN: http://localhost:5173
2026/06/16 18:50:40 METHOD: GET PATH: /api/stats ORIGIN: http://localhost:5173
2026/06/16 18:50:40 METHOD: GET PATH: /api/stats ORIGIN: http://localhost:5173
2026/06/16 18:50:52 METHOD: OPTIONS PATH: /api/duel/create ORIGIN: http://localhost:5173
2026/06/16 18:50:52 METHOD: POST PATH: /api/duel/create ORIGIN: http://localhost:5173
2026/06/16 18:50:52 METHOD: POST PATH: /api/duel/create ORIGIN: http://localhost:5173
2026/06/16 18:50:53 METHOD: OPTIONS PATH: /api/duel/room ORIGIN: http://localhost:5173
2026/06/16 18:50:53 METHOD: GET PATH: /api/duel/room ORIGIN: http://localhost:5173
2026/06/16 18:50:53 METHOD: GET PATH: /api/duel/room ORIGIN: http://localhost:5173
2026/06/16 18:50:54 METHOD: GET PATH: /api/duel/room ORIGIN: http://localhost:5173
2026/06/16 18:50:54 METHOD: GET PATH: /api/duel/room ORIGIN: http://localhost:5173
2026/06/16 18:50:54 METHOD: GET PATH: /api/duel/room ORIGIN: http://localhost:5173
2026/06/16 18:50:54 METHOD: GET PATH: /api/duel/room ORIGIN: http://localhost:5173
2026/06/16 18:50:55 METHOD: GET PATH: /api/duel/room ORIGIN: http://localhost:5173
2026/06/16 18:50:55 METHOD: GET PATH: /api/duel/room ORIGIN: http://localhost:5173
2026/06/16 18:50:56 METHOD: GET PATH: /api/duel/room ORIGIN: http://localhost:5173
2026/06/16 18:50:56 METHOD: GET PATH: /api/duel/room ORIGIN: http://localhost:5173
2026/06/16 18:50:56 METHOD: GET PATH: /api/duel/room ORIGIN: http://localhost:5173
2026/06/16 18:50:56 METHOD: GET PATH: /api/duel/room ORIGIN: http://localhost:5173
2026/06/16 18:50:57 METHOD: GET PATH: /api/duel/room ORIGIN: http://localhost:5173
2026/06/16 18:50:57 METHOD: GET PATH: /api/duel/room ORIGIN: http://localhost:5173
2026/06/16 18:50:58 METHOD: GET PATH: /api/duel/room ORIGIN: http://localhost:5173
2026/06/16 18:50:58 METHOD: GET PATH: /api/duel/room ORIGIN: http://localhost:5173
2026/06/16 18:50:58 METHOD: OPTIONS PATH: /api/duel/room ORIGIN: http://localhost:5173
2026/06/16 18:50:58 METHOD: GET PATH: /api/duel/room ORIGIN: http://localhost:5173
2026/06/16 18:50:58 METHOD: GET PATH: /api/duel/room ORIGIN: http://localhost:5173
2026/06/16 18:50:59 METHOD: GET PATH: /api/duel/room ORIGIN: http://localhost:5173
2026/06/16 18:50:59 METHOD: GET PATH: /api/duel/room ORIGIN: http://localhost:5173
2026/06/16 18:51:00 METHOD: GET PATH: /api/duel/room ORIGIN: http://localhost:5173
2026/06/16 18:51:00 METHOD: GET PATH: /api/duel/room ORIGIN: http://localhost:5173
2026/06/16 18:51:01 METHOD: GET PATH: /api/duel/room ORIGIN: http://localhost:5173
2026/06/16 18:51:01 METHOD: GET PATH: /api/duel/room ORIGIN: http://localhost:5173
2026/06/16 18:51:01 METHOD: GET PATH: /api/duel/room ORIGIN: http://localhost:5173
2026/06/16 18:51:01 METHOD: GET PATH: /api/duel/room ORIGIN: http://localhost:5173
2026/06/16 18:51:02 METHOD: GET PATH: /api/duel/room ORIGIN: http://localhost:5173
2026/06/16 18:51:02 METHOD: GET PATH: /api/duel/room ORIGIN: http://localhost:5173
2026/06/16 18:51:03 METHOD: GET PATH: /api/duel/room ORIGIN: http://localhost:5173
2026/06/16 18:51:03 METHOD: GET PATH: /api/duel/room ORIGIN: http://localhost:5173
2026/06/16 18:51:03 METHOD: GET PATH: /api/duel/room ORIGIN: http://localhost:5173
2026/06/16 18:51:03 METHOD: GET PATH: /api/duel/room ORIGIN: http://localhost:5173
2026/06/16 18:51:04 METHOD: OPTIONS PATH: /api/duel/room ORIGIN: http://localhost:5173
2026/06/16 18:51:04 METHOD: GET PATH: /api/duel/room ORIGIN: http://localhost:5173
2026/06/16 18:51:04 METHOD: GET PATH: /api/duel/room ORIGIN: http://localhost:5173
2026/06/16 18:51:05 METHOD: GET PATH: /api/duel/room ORIGIN: http://localhost:5173
2026/06/16 18:51:05 METHOD: GET PATH: /api/duel/room ORIGIN: http://localhost:5173
2026/06/16 18:51:05 METHOD: GET PATH: /api/duel/room ORIGIN: http://localhost:5173
2026/06/16 18:51:05 METHOD: GET PATH: /api/duel/room ORIGIN: http://localhost:5173
2026/06/16 18:51:06 METHOD: GET PATH: /api/duel/room ORIGIN: http://localhost:5173
2026/06/16 18:51:06 METHOD: GET PATH: /api/duel/room ORIGIN: http://localhost:5173
2026/06/16 18:51:07 METHOD: GET PATH: /api/duel/room ORIGIN: http://localhost:5173
2026/06/16 18:51:07 METHOD: GET PATH: /api/duel/room ORIGIN: http://localhost:5173
2026/06/16 18:51:07 METHOD: OPTIONS PATH: /api/duel/join ORIGIN: http://localhost:5173
2026/06/16 18:51:07 METHOD: POST PATH: /api/duel/join ORIGIN: http://localhost:5173
2026/06/16 18:51:07 METHOD: POST PATH: /api/duel/join ORIGIN: http://localhost:5173
2026/06/16 18:51:08 METHOD: GET PATH: /api/duel/room ORIGIN: http://localhost:5173
2026/06/16 18:51:08 METHOD: GET PATH: /api/duel/room ORIGIN: http://localhost:5173
2026/06/16 18:51:08 METHOD: GET PATH: /api/duel/room ORIGIN: http://localhost:5173
2026/06/16 18:51:08 METHOD: GET PATH: /api/duel/room ORIGIN: http://localhost:5173
2026/06/16 18:51:09 METHOD: GET PATH: /api/duel/room ORIGIN: http://localhost:5173
2026/06/16 18:51:09 METHOD: GET PATH: /api/duel/room ORIGIN: http://localhost:5173
2026/06/16 18:51:10 METHOD: OPTIONS PATH: /api/duel/room ORIGIN: http://localhost:5173
2026/06/16 18:51:10 METHOD: GET PATH: /api/duel/room ORIGIN: http://localhost:5173
2026/06/16 18:51:10 METHOD: GET PATH: /api/duel/room ORIGIN: http://localhost:5173
2026/06/16 18:51:10 METHOD: GET PATH: /api/duel/room ORIGIN: http://localhost:5173
2026/06/16 18:51:10 METHOD: GET PATH: /api/duel/room ORIGIN: http://localhost:5173
2026/06/16 18:51:11 METHOD: GET PATH: /api/duel/room ORIGIN: http://localhost:5173
2026/06/16 18:51:11 METHOD: GET PATH: /api/duel/room ORIGIN: http://localhost:5173
2026/06/16 18:51:12 METHOD: POST PATH: /api/duel/join ORIGIN: http://localhost:5173
2026/06/16 18:51:12 METHOD: POST PATH: /api/duel/join ORIGIN: http://localhost:5173
2026/06/16 18:51:12 METHOD: GET PATH: /api/duel/room ORIGIN: http://localhost:5173
2026/06/16 18:51:12 METHOD: GET PATH: /api/duel/room ORIGIN: http://localhost:5173
2026/06/16 18:51:12 METHOD: GET PATH: /api/duel/room ORIGIN: http://localhost:5173
2026/06/16 18:51:12 METHOD: GET PATH: /api/duel/room ORIGIN: http://localhost:5173
2026/06/16 18:51:13 METHOD: GET PATH: /api/duel/room ORIGIN: http://localhost:5173
2026/06/16 18:51:13 METHOD: GET PATH: /api/duel/room ORIGIN: http://localhost:5173
2026/06/16 18:51:14 METHOD: GET PATH: /api/duel/room ORIGIN: http://localhost:5173
2026/06/16 18:51:14 METHOD: GET PATH: /api/duel/room ORIGIN: http://localhost:5173
2026/06/16 18:51:15 METHOD: OPTIONS PATH: /api/duel/room ORIGIN: http://localhost:5173
2026/06/16 18:51:15 METHOD: GET PATH: /api/duel/room ORIGIN: http://localhost:5173
2026/06/16 18:51:15 METHOD: GET PATH: /api/duel/room ORIGIN: http://localhost:5173
2026/06/16 18:51:16 METHOD: GET PATH: /api/duel/room ORIGIN: http://localhost:5173
2026/06/16 18:51:16 METHOD: GET PATH: /api/duel/room ORIGIN: http://localhost:5173
2026/06/16 18:51:17 METHOD: GET PATH: /api/duel/room ORIGIN: http://localhost:5173
2026/06/16 18:51:17 METHOD: GET PATH: /api/duel/room ORIGIN: http://localhost:5173
2026/06/16 18:51:18 METHOD: GET PATH: /api/duel/room ORIGIN: http://localhost:5173
2026/06/16 18:51:18 METHOD: GET PATH: /api/duel/room ORIGIN: http://localhost:5173
2026/06/16 18:51:19 METHOD: GET PATH: /api/duel/room ORIGIN: http://localhost:5173
2026/06/16 18:51:19 METHOD: GET PATH: /api/duel/room ORIGIN: http://localhost:5173
2026/06/16 18:51:20 METHOD: GET PATH: /api/duel/room ORIGIN: http://localhost:5173
2026/06/16 18:51:20 METHOD: GET PATH: /api/duel/room ORIGIN: http://localhost:5173
2026/06/16 18:51:21 METHOD: OPTIONS PATH: /api/duel/room ORIGIN: http://localhost:5173
2026/06/16 18:51:21 METHOD: GET PATH: /api/duel/room ORIGIN: http://localhost:5173
2026/06/16 18:51:21 METHOD: GET PATH: /api/duel/room ORIGIN: http://localhost:5173
2026/06/16 18:51:22 METHOD: GET PATH: /api/duel/room ORIGIN: http://localhost:5173
2026/06/16 18:51:22 METHOD: GET PATH: /api/duel/room ORIGIN: http://localhost:5173
2026/06/16 18:51:23 METHOD: GET PATH: /api/duel/room ORIGIN: http://localhost:5173
2026/06/16 18:51:23 METHOD: GET PATH: /api/duel/room ORIGIN: http://localhost:5173
2026/06/16 18:51:24 METHOD: GET PATH: /api/duel/room ORIGIN: http://localhost:5173
2026/06/16 18:51:24 METHOD: GET PATH: /api/duel/room ORIGIN: http://localhost:5173
